start
this is a black hole - arguments escape
4711
23
17
17
2
3
this is a black hole - arguments escape
alpha
beta
gamma
this is a black hole - arguments escape
1.2
2.3
3.4
test 5 done
a=number
22
undefined
Now it's time for transforms
19
20
21
1
2.2
17
Should have transformed
7
8
9
