<p>Search the web at <a href="http://google.com/">Google</a> or <a href="http://daringfireball.net/">Daring Fireball</a>.</p>
