T4994049.java:13:5: compiler.err.expected3: ',', '}', ';'
1 error
