T7177306b.java:15:9: compiler.err.cant.apply.symbol: kindname.method, m, java.util.List<? super T>,S,java.lang.Class<java.lang.Object>, java.util.List<java.lang.Integer>,java.util.List<java.lang.String>,java.lang.Class, kindname.class, T7177306b, (compiler.misc.incompatible.eq.upper.bounds: T, java.lang.String, java.lang.Integer,java.lang.Object)
1 error
