getMember('foo') = FOO
getSlot(6) = 36
bar set to hello
[10] set to 42
