4
abc,a,b,c,d,e,f
abc-a-b-c
5
c
c,b,a,abc
abc
a,abc,b,c
a,b,c
a,b
5
1
1
true
true
abc,a,b,c
abc
a
b
c
undefined
3,1,1,1
abcabc
cbaabc
