type is undefined
{"name":"NASHORN"}
2,6,10,14,18,22
