FOO
ABC
0
bar set to 23
abc set to 23
[3] set to 23
func called with hello
