RangeError: inappropriate array buffer length: 536870912
