charAt.self.toString
charAt.pos.valueOf
charCodeAt.self.toString
charCodeAt.pos.valueOf
