1
2
false
true
1
ReferenceError: "y" is not defined
false
true
1
2
false
true
1
ReferenceError: "y" is not defined
false
true
