+true : int
+false: int
-true : int
-false: double
