42,2,13
420000001
254,255,-13
4294967295
5,1,6;4,2,3,,7
2415919092
