2012-10-09T14:55:52.119Z 23
Z 8 9 9
5 4 5 5 : NaN 0 0
