-scripting = true
--compile-only = false
-timezone = Asia/Calcutta
