PlainTry.java:11:9: compiler.err.try.without.catch.or.finally
1 error
