ExceptionsInLambda.java:43:25: compiler.err.unreported.exception.need.to.catch.or.throw: java.io.FileNotFoundException
ExceptionsInLambda.java:46:32: compiler.err.unreported.exception.need.to.catch.or.throw: java.io.IOException
ExceptionsInLambda.java:51:22: compiler.err.unreported.exception.need.to.catch.or.throw: java.io.FileNotFoundException
3 errors
