AnnotatedPackage1.java:9:14: compiler.err.expected: token.identifier
AnnotatedPackage1.java:9:16: compiler.err.expected3: class, interface, enum
2 errors
