TypeVariableMissingTA.java:39:40: compiler.err.cant.resolve: kindname.class, MISSING, , 
1 error