test/script/error/JDK-8027933.js:31:0 Expected an operand but found const
const THE_ANSWER = 42;
^
