test/script/error/NASHORN-39.js:33:0 Expected an operand but found eol
  1;
^
