T6253161a.java:19:62: compiler.warn.missing.SVUID: compiler.misc.anonymous.class: T6253161a$1$1
1 warning
