Sub.java:8:11: compiler.err.synthetic.name.conflict: this$0, p.Inner
1 error
