Test.java:11:1: compiler.err.already.defined.single.import: p1.A1.f
1 error
